Command line invocation:
    /Applications/Xcode.app/Contents/Developer/usr/bin/xcodebuild -scheme MusicGlass -project MusicGlass.xcodeproj -configuration Debug -destination "platform=iOS Simulator,id=CAC3C3FB-7077-46A0-9C9A-295F397BB2D7" build

ComputePackagePrebuildTargetDependencyGraph

Prepare packages

CreateBuildRequest

SendProjectDescription

CreateBuildOperation

ComputeTargetDependencyGraph
note: Building targets in dependency order
note: Target dependency graph (1 target)
    Target 'MusicGlass' in project 'MusicGlass' (no dependencies)

GatherProvisioningInputs

CreateBuildDescription

ClangStatCache /Applications/Xcode.app/Contents/Developer/Toolchains/XcodeDefault.xctoolchain/usr/bin/clang-stat-cache /Applications/Xcode.app/Contents/Developer/Platforms/iPhoneSimulator.platform/Developer/SDKs/iPhoneSimulator26.4.sdk /Users/jeremy/Library/Developer/Xcode/DerivedData/SDKStatCaches.noindex/iphonesimulator26.4-23E252-686eebb5dc1d8ecb277353a59184f4aa.sdkstatcache
    cd /Users/jeremy/Documents/Switft\ Youtube\ music/MusicGlass.xcodeproj
    /Applications/Xcode.app/Contents/Developer/Toolchains/XcodeDefault.xctoolchain/usr/bin/clang-stat-cache /Applications/Xcode.app/Contents/Developer/Platforms/iPhoneSimulator.platform/Developer/SDKs/iPhoneSimulator26.4.sdk -o /Users/jeremy/Library/Developer/Xcode/DerivedData/SDKStatCaches.noindex/iphonesimulator26.4-23E252-686eebb5dc1d8ecb277353a59184f4aa.sdkstatcache

SwiftDriver MusicGlass normal arm64 com.apple.xcode.tools.swift.compiler (in target 'MusicGlass' from project 'MusicGlass')
    cd /Users/jeremy/Documents/Switft\ Youtube\ music
    builtin-SwiftDriver -- /Applications/Xcode.app/Contents/Developer/Toolchains/XcodeDefault.xctoolchain/usr/bin/swiftc -module-name MusicGlass -O @/Users/jeremy/Library/Developer/Xcode/DerivedData/MusicGlass-fbyizfdisjqjoegwoqvftnpgpvqo/Build/Intermediates.noindex/MusicGlass.build/Debug-iphonesimulator/MusicGlass.build/Objects-normal/arm64/MusicGlass.SwiftFileList -DDEBUG -enable-experimental-feature DebugDescriptionMacro -sdk /Applications/Xcode.app/Contents/Developer/Platforms/iPhoneSimulator.platform/Developer/SDKs/iPhoneSimulator26.4.sdk -target arm64-apple-ios17.0-simulator -g -module-cache-path /Users/jeremy/Library/Developer/Xcode/DerivedData/ModuleCache.noindex -Xfrontend -serialize-debugging-options -enable-testing -Xcc -D_LIBCPP_HARDENING_MODE\=_LIBCPP_HARDENING_MODE_DEBUG -swift-version 6 -I /Users/jeremy/Library/Developer/Xcode/DerivedData/MusicGlass-fbyizfdisjqjoegwoqvftnpgpvqo/Build/Products/Debug-iphonesimulator -F /Users/jeremy/Library/Developer/Xcode/DerivedData/MusicGlass-fbyizfdisjqjoegwoqvftnpgpvqo/Build/Products/Debug-iphonesimulator -emit-localized-strings -emit-localized-strings-path /Users/jeremy/Library/Developer/Xcode/DerivedData/MusicGlass-fbyizfdisjqjoegwoqvftnpgpvqo/Build/Intermediates.noindex/MusicGlass.build/Debug-iphonesimulator/MusicGlass.build/Objects-normal/arm64 -c -j10 -enable-batch-mode -incremental -Xcc -ivfsstatcache -Xcc /Users/jeremy/Library/Developer/Xcode/DerivedData/SDKStatCaches.noindex/iphonesimulator26.4-23E252-686eebb5dc1d8ecb277353a59184f4aa.sdkstatcache -output-file-map /Users/jeremy/Library/Developer/Xcode/DerivedData/MusicGlass-fbyizfdisjqjoegwoqvftnpgpvqo/Build/Intermediates.noindex/MusicGlass.build/Debug-iphonesimulator/MusicGlass.build/Objects-normal/arm64/MusicGlass-OutputFileMap.json -use-frontend-parseable-output -save-temps -no-color-diagnostics -explicit-module-build -module-cache-path /Users/jeremy/Library/Developer/Xcode/DerivedData/MusicGlass-fbyizfdisjqjoegwoqvftnpgpvqo/Build/Intermediates.noindex/SwiftExplicitPrecompiledModules -clang-scanner-module-cache-path /Users/jeremy/Library/Developer/Xcode/DerivedData/ModuleCache.noindex -sdk-module-cache-path /Users/jeremy/Library/Developer/Xcode/DerivedData/ModuleCache.noindex -serialize-diagnostics -emit-dependencies -emit-module -emit-module-path /Users/jeremy/Library/Developer/Xcode/DerivedData/MusicGlass-fbyizfdisjqjoegwoqvftnpgpvqo/Build/Intermediates.noindex/MusicGlass.build/Debug-iphonesimulator/MusicGlass.build/Objects-normal/arm64/MusicGlass.swiftmodule -validate-clang-modules-once -clang-build-session-file /Users/jeremy/Library/Developer/Xcode/DerivedData/ModuleCache.noindex/Session.modulevalidation -Xcc -I/Users/jeremy/Library/Developer/Xcode/DerivedData/MusicGlass-fbyizfdisjqjoegwoqvftnpgpvqo/Build/Intermediates.noindex/MusicGlass.build/Debug-iphonesimulator/MusicGlass.build/swift-overrides.hmap -emit-const-values -Xfrontend -const-gather-protocols-file -Xfrontend /Users/jeremy/Library/Developer/Xcode/DerivedData/MusicGlass-fbyizfdisjqjoegwoqvftnpgpvqo/Build/Intermediates.noindex/MusicGlass.build/Debug-iphonesimulator/MusicGlass.build/Objects-normal/arm64/MusicGlass_const_extract_protocols.json -Xcc -iquote -Xcc /Users/jeremy/Library/Developer/Xcode/DerivedData/MusicGlass-fbyizfdisjqjoegwoqvftnpgpvqo/Build/Intermediates.noindex/MusicGlass.build/Debug-iphonesimulator/MusicGlass.build/MusicGlass-generated-files.hmap -Xcc -I/Users/jeremy/Library/Developer/Xcode/DerivedData/MusicGlass-fbyizfdisjqjoegwoqvftnpgpvqo/Build/Intermediates.noindex/MusicGlass.build/Debug-iphonesimulator/MusicGlass.build/MusicGlass-own-target-headers.hmap -Xcc -I/Users/jeremy/Library/Developer/Xcode/DerivedData/MusicGlass-fbyizfdisjqjoegwoqvftnpgpvqo/Build/Intermediates.noindex/MusicGlass.build/Debug-iphonesimulator/MusicGlass.build/MusicGlass-all-target-headers.hmap -Xcc -iquote -Xcc /Users/jeremy/Library/Developer/Xcode/DerivedData/MusicGlass-fbyizfdisjqjoegwoqvftnpgpvqo/Build/Intermediates.noindex/MusicGlass.build/Debug-iphonesimulator/MusicGlass.build/MusicGlass-project-headers.hmap -Xcc -I/Users/jeremy/Library/Developer/Xcode/DerivedData/MusicGlass-fbyizfdisjqjoegwoqvftnpgpvqo/Build/Products/Debug-iphonesimulator/include -Xcc -I/Users/jeremy/Library/Developer/Xcode/DerivedData/MusicGlass-fbyizfdisjqjoegwoqvftnpgpvqo/Build/Intermediates.noindex/MusicGlass.build/Debug-iphonesimulator/MusicGlass.build/DerivedSources-normal/arm64 -Xcc -I/Users/jeremy/Library/Developer/Xcode/DerivedData/MusicGlass-fbyizfdisjqjoegwoqvftnpgpvqo/Build/Intermediates.noindex/MusicGlass.build/Debug-iphonesimulator/MusicGlass.build/DerivedSources/arm64 -Xcc -I/Users/jeremy/Library/Developer/Xcode/DerivedData/MusicGlass-fbyizfdisjqjoegwoqvftnpgpvqo/Build/Intermediates.noindex/MusicGlass.build/Debug-iphonesimulator/MusicGlass.build/DerivedSources -Xcc -DDEBUG\=1 -emit-objc-header -emit-objc-header-path /Users/jeremy/Library/Developer/Xcode/DerivedData/MusicGlass-fbyizfdisjqjoegwoqvftnpgpvqo/Build/Intermediates.noindex/MusicGlass.build/Debug-iphonesimulator/MusicGlass.build/Objects-normal/arm64/MusicGlass-Swift.h -working-directory /Users/jeremy/Documents/Switft\ Youtube\ music -experimental-emit-module-separately -disable-cmo

SwiftCompile normal arm64 Compiling\ LibraryScreen.swift /Users/jeremy/Documents/Switft\ Youtube\ music/MusicGlass/Features/Library/LibraryScreen.swift (in target 'MusicGlass' from project 'MusicGlass')

SwiftCompile normal arm64 /Users/jeremy/Documents/Switft\ Youtube\ music/MusicGlass/Features/Library/LibraryScreen.swift (in target 'MusicGlass' from project 'MusicGlass')
    cd /Users/jeremy/Documents/Switft\ Youtube\ music
    

SwiftCompile normal arm64 Compiling\ HomeScreen.swift /Users/jeremy/Documents/Switft\ Youtube\ music/MusicGlass/Features/Home/HomeScreen.swift (in target 'MusicGlass' from project 'MusicGlass')
SwiftCompile normal arm64 /Users/jeremy/Documents/Switft\ Youtube\ music/MusicGlass/Features/Home/HomeScreen.swift (in target 'MusicGlass' from project 'MusicGlass')
    cd /Users/jeremy/Documents/Switft\ Youtube\ music
    

SwiftCompile normal arm64 Compiling\ AppRouter.swift /Users/jeremy/Documents/Switft\ Youtube\ music/MusicGlass/App/AppRouter.swift (in target 'MusicGlass' from project 'MusicGlass')

SwiftCompile normal arm64 /Users/jeremy/Documents/Switft\ Youtube\ music/MusicGlass/App/AppRouter.swift (in target 'MusicGlass' from project 'MusicGlass')
    cd /Users/jeremy/Documents/Switft\ Youtube\ music
    

SwiftEmitModule normal arm64 Emitting\ module\ for\ MusicGlass (in target 'MusicGlass' from project 'MusicGlass')

EmitSwiftModule normal arm64 (in target 'MusicGlass' from project 'MusicGlass')
    cd /Users/jeremy/Documents/Switft\ Youtube\ music
    

SwiftCompile normal arm64 Compiling\ DetailScreens.swift /Users/jeremy/Documents/Switft\ Youtube\ music/MusicGlass/UI/Screens/DetailScreens.swift (in target 'MusicGlass' from project 'MusicGlass')
Failed frontend command:
/Applications/Xcode.app/Contents/Developer/Toolchains/XcodeDefault.xctoolchain/usr/bin/swift-frontend -frontend -c /Users/jeremy/Documents/Switft\ Youtube\ music/MusicGlass/App/AppContainer.swift /Users/jeremy/Documents/Switft\ Youtube\ music/MusicGlass/App/AppRouter.swift /Users/jeremy/Documents/Switft\ Youtube\ music/MusicGlass/App/RootView.swift /Users/jeremy/Documents/Switft\ Youtube\ music/MusicGlass/Core/Errors/AppError.swift /Users/jeremy/Documents/Switft\ Youtube\ music/MusicGlass/Core/Extensions/Array+Uniqued.swift /Users/jeremy/Documents/Switft\ Youtube\ music/MusicGlass/Core/Extensions/TimeInterval+Formatting.swift /Users/jeremy/Documents/Switft\ Youtube\ music/MusicGlass/Core/Logger/AppLogger.swift /Users/jeremy/Documents/Switft\ Youtube\ music/MusicGlass/Core/Models/Album.swift /Users/jeremy/Documents/Switft\ Youtube\ music/MusicGlass/Core/Models/Artist.swift /Users/jeremy/Documents/Switft\ Youtube\ music/MusicGlass/Core/Models/HomeFeed.swift /Users/jeremy/Documents/Switft\ Youtube\ music/MusicGlass/Core/Models/Lyrics.swift /Users/jeremy/Documents/Switft\ Youtube\ music/MusicGlass/Core/Models/PlayerItem.swift /Users/jeremy/Documents/Switft\ Youtube\ music/MusicGlass/Core/Models/PlayerState.swift /Users/jeremy/Documents/Switft\ Youtube\ music/MusicGlass/Core/Models/Playlist.swift /Users/jeremy/Documents/Switft\ Youtube\ music/MusicGlass/Core/Models/SearchResult.swift /Users/jeremy/Documents/Switft\ Youtube\ music/MusicGlass/Core/Models/Thumbnail.swift /Users/jeremy/Documents/Switft\ Youtube\ music/MusicGlass/Core/Models/Track.swift /Users/jeremy/Documents/Switft\ Youtube\ music/MusicGlass/Features/Home/HomeScreen.swift /Users/jeremy/Documents/Switft\ Youtube\ music/MusicGlass/Features/Home/HomeViewModel.swift /Users/jeremy/Documents/Switft\ Youtube\ music/MusicGlass/Features/Library/LibraryScreen.swift /Users/jeremy/Documents/Switft\ Youtube\ music/MusicGlass/Features/Library/LibraryViewModel.swift /Users/jeremy/Documents/Switft\ Youtube\ music/MusicGlass/Features/Lyrics/LyricsScreen.swift /Users/jeremy/Documents/Switft\ Youtube\ music/MusicGlass/Features/Lyrics/LyricsViewModel.swift /Users/jeremy/Documents/Switft\ Youtube\ music/MusicGlass/Features/Player/FullPlayerScreen.swift /Users/jeremy/Documents/Switft\ Youtube\ music/MusicGlass/Features/Player/MiniPlayer.swift /Users/jeremy/Documents/Switft\ Youtube\ music/MusicGlass/Features/Player/QueueScreen.swift /Users/jeremy/Documents/Switft\ Youtube\ music/MusicGlass/Features/Search/SearchScreen.swift /Users/jeremy/Documents/Switft\ Youtube\ music/MusicGlass/Features/Search/SearchViewModel.swift /Users/jeremy/Documents/Switft\ Youtube\ music/MusicGlass/Features/Settings/SettingsScreen.swift /Users/jeremy/Documents/Switft\ Youtube\ music/MusicGlass/Features/Settings/SettingsViewModel.swift /Users/jeremy/Documents/Switft\ Youtube\ music/MusicGlass/MusicGlassApp.swift /Users/jeremy/Documents/Switft\ Youtube\ music/MusicGlass/Networking/APIRequest.swift /Users/jeremy/Documents/Switft\ Youtube\ music/MusicGlass/Networking/HTTPClient.swift /Users/jeremy/Documents/Switft\ Youtube\ music/MusicGlass/Networking/NetworkError.swift /Users/jeremy/Documents/Switft\ Youtube\ music/MusicGlass/Networking/NetworkLogger.swift /Users/jeremy/Documents/Switft\ Youtube\ music/MusicGlass/Persistence/CacheRepository.swift /Users/jeremy/Documents/Switft\ Youtube\ music/MusicGlass/Persistence/FavoritesRepository.swift /Users/jeremy/Documents/Switft\ Youtube\ music/MusicGlass/Persistence/HistoryRepository.swift /Users/jeremy/Documents/Switft\ Youtube\ music/MusicGlass/Persistence/LocalDatabase.swift /Users/jeremy/Documents/Switft\ Youtube\ music/MusicGlass/Persistence/PersistentModels.swift /Users/jeremy/Documents/Switft\ Youtube\ music/MusicGlass/Persistence/PlaylistRepository.swift /Users/jeremy/Documents/Switft\ Youtube\ music/MusicGlass/Playback/AVPlayerEngine.swift /Users/jeremy/Documents/Switft\ Youtube\ music/MusicGlass/Playback/AudioSessionManager.swift /Users/jeremy/Documents/Switft\ Youtube\ music/MusicGlass/Playback/NowPlayingManager.swift /Users/jeremy/Documents/Switft\ Youtube\ music/MusicGlass/Playback/PlaybackCacheManager.swift /Users/jeremy/Documents/Switft\ Youtube\ music/MusicGlass/Playback/PlayerQueue.swift /Users/jeremy/Documents/Switft\ Youtube\ music/MusicGlass/Playback/RemoteCommandCenterManager.swift /Users/jeremy/Documents/Switft\ Youtube\ music/MusicGlass/UI/Components/ArtworkView.swift /Users/jeremy/Documents/Switft\ Youtube\ music/MusicGlass/UI/Components/GlassButton.swift /Users/jeremy/Documents/Switft\ Youtube\ music/MusicGlass/UI/Components/MediaCards.swift /Users/jeremy/Documents/Switft\ Youtube\ music/MusicGlass/UI/Components/StateViews.swift /Users/jeremy/Documents/Switft\ Youtube\ music/MusicGlass/UI/Components/TrackRow.swift /Users/jeremy/Documents/Switft\ Youtube\ music/MusicGlass/UI/DesignSystem/AppAnimations.swift /Users/jeremy/Documents/Switft\ Youtube\ music/MusicGlass/UI/DesignSystem/AppColors.swift /Users/jeremy/Documents/Switft\ Youtube\ music/MusicGlass/UI/DesignSystem/AppIcons.swift /Users/jeremy/Documents/Switft\ Youtube\ music/MusicGlass/UI/DesignSystem/AppMaterials.swift /Users/jeremy/Documents/Switft\ Youtube\ music/MusicGlass/UI/DesignSystem/AppRadius.swift /Users/jeremy/Documents/Switft\ Youtube\ music/MusicGlass/UI/DesignSystem/AppSpacing.swift /Users/jeremy/Documents/Switft\ Youtube\ music/MusicGlass/UI/DesignSystem/AppTypography.swift -primary-file /Users/jeremy/Documents/Switft\ Youtube\ music/MusicGlass/UI/Screens/DetailScreens.swift /Users/jeremy/Documents/Switft\ Youtube\ music/MusicGlass/UI/Screens/DetailViewModels.swift /Users/jeremy/Documents/Switft\ Youtube\ music/MusicGlass/UI/Screens/DisclaimerView.swift /Users/jeremy/Documents/Switft\ Youtube\ music/MusicGlass/YouTubeMusic/DTO/InnerTubeDTO.swift /Users/jeremy/Documents/Switft\ Youtube\ music/MusicGlass/YouTubeMusic/DTO/JSONValue.swift /Users/jeremy/Documents/Switft\ Youtube\ music/MusicGlass/YouTubeMusic/InnerTubeClient.swift /Users/jeremy/Documents/Switft\ Youtube\ music/MusicGlass/YouTubeMusic/Mappers/InnerTubeJSONMapper.swift /Users/jeremy/Documents/Switft\ Youtube\ music/MusicGlass/YouTubeMusic/Services/LyricsService.swift /Users/jeremy/Documents/Switft\ Youtube\ music/MusicGlass/YouTubeMusic/YouTubeMusicClient.swift /Users/jeremy/Documents/Switft\ Youtube\ music/MusicGlass/YouTubeMusic/Services/AuthService.swift /Users/jeremy/Documents/Switft\ Youtube\ music/MusicGlass/Features/Settings/LoginWebView.swift -emit-dependencies-path /Users/jeremy/Library/Developer/Xcode/DerivedData/MusicGlass-fbyizfdisjqjoegwoqvftnpgpvqo/Build/Intermediates.noindex/MusicGlass.build/Debug-iphonesimulator/MusicGlass.build/Objects-normal/arm64/DetailScreens.d -emit-const-values-path /Users/jeremy/Library/Developer/Xcode/DerivedData/MusicGlass-fbyizfdisjqjoegwoqvftnpgpvqo/Build/Intermediates.noindex/MusicGlass.build/Debug-iphonesimulator/MusicGlass.build/Objects-normal/arm64/DetailScreens.swiftconstvalues -emit-reference-dependencies-path /Users/jeremy/Library/Developer/Xcode/DerivedData/MusicGlass-fbyizfdisjqjoegwoqvftnpgpvqo/Build/Intermediates.noindex/MusicGlass.build/Debug-iphonesimulator/MusicGlass.build/Objects-normal/arm64/DetailScreens.swiftdeps -serialize-diagnostics-path /Users/jeremy/Library/Developer/Xcode/DerivedData/MusicGlass-fbyizfdisjqjoegwoqvftnpgpvqo/Build/Intermediates.noindex/MusicGlass.build/Debug-iphonesimulator/MusicGlass.build/Objects-normal/arm64/DetailScreens.dia -emit-localized-strings -emit-localized-strings-path /Users/jeremy/Library/Developer/Xcode/DerivedData/MusicGlass-fbyizfdisjqjoegwoqvftnpgpvqo/Build/Intermediates.noindex/MusicGlass.build/Debug-iphonesimulator/MusicGlass.build/Objects-normal/arm64 -target arm64-apple-ios17.0-simulator -disable-cross-import-overlay-search -swift-module-cross-import SwiftData /Applications/Xcode.app/Contents/Developer/Platforms/iPhoneSimulator.platform/Developer/SDKs/iPhoneSimulator26.4.sdk/System/Library/Frameworks/SwiftData.framework/Modules/SwiftData.swiftcrossimport/CoreData.swiftoverlay -swift-module-cross-import SwiftData /Applications/Xcode.app/Contents/Developer/Platforms/iPhoneSimulator.platform/Developer/SDKs/iPhoneSimulator26.4.sdk/System/Library/Frameworks/SwiftData.framework/Modules/SwiftData.swiftcrossimport/SwiftUI.swiftoverlay -swift-module-cross-import WebKit /Applications/Xcode.app/Contents/Developer/Platforms/iPhoneSimulator.platform/Developer/SDKs/iPhoneSimulator.sdk/System/Cryptexes/OS/System/Library/Frameworks/WebKit.framework/Modules/WebKit.swiftcrossimport/SwiftUI.swiftoverlay -swift-module-cross-import WebKit /Applications/Xcode.app/Contents/Developer/Platforms/iPhoneSimulator.platform/Developer/SDKs/iPhoneSimulator26.4.sdk/System/Library/Frameworks/WebKit.framework/Modules/WebKit.swiftcrossimport/SwiftUI.swiftoverlay -load-resolved-plugin /Applications/Xcode.app/Contents/Developer/Platforms/iPhoneOS.platform/Developer/usr/lib/swift/host/plugins/libFoundationMacros.dylib\#/Applications/Xcode.app/Contents/Developer/Platforms/iPhoneOS.platform/Developer/usr/bin/swift-plugin-server\#FoundationMacros -load-resolved-plugin /Applications/Xcode.app/Contents/Developer/Platforms/iPhoneOS.platform/Developer/usr/lib/swift/host/plugins/libObservationMacros.dylib\#/Applications/Xcode.app/Contents/Developer/Platforms/iPhoneOS.platform/Developer/usr/bin/swift-plugin-server\#ObservationMacros -load-resolved-plugin /Applications/Xcode.app/Contents/Developer/Platforms/iPhoneOS.platform/Developer/usr/lib/swift/host/plugins/libPreviewsMacros.dylib\#/Applications/Xcode.app/Contents/Developer/Platforms/iPhoneOS.platform/Developer/usr/bin/swift-plugin-server\#PreviewsMacros -load-resolved-plugin /Applications/Xcode.app/Contents/Developer/Platforms/iPhoneOS.platform/Developer/usr/lib/swift/host/plugins/libSwiftDataMacros.dylib\#/Applications/Xcode.app/Contents/Developer/Platforms/iPhoneOS.platform/Developer/usr/bin/swift-plugin-server\#SwiftDataMacros -load-resolved-plugin /Applications/Xcode.app/Contents/Developer/Platforms/iPhoneOS.platform/Developer/usr/lib/swift/host/plugins/libSwiftMacros.dylib\#/Applications/Xcode.app/Contents/Developer/Platforms/iPhoneOS.platform/Developer/usr/bin/swift-plugin-server\#SwiftMacros -load-resolved-plugin /Applications/Xcode.app/Contents/Developer/Platforms/iPhoneOS.platform/Developer/usr/lib/swift/host/plugins/libSwiftUIMacros.dylib\#/Applications/Xcode.app/Contents/Developer/Platforms/iPhoneOS.platform/Developer/usr/bin/swift-plugin-server\#SwiftUIMacros -disable-implicit-swift-modules -Xcc -fno-implicit-modules -Xcc -fno-implicit-module-maps -explicit-swift-module-map-file /Users/jeremy/Library/Developer/Xcode/DerivedData/MusicGlass-fbyizfdisjqjoegwoqvftnpgpvqo/Build/Intermediates.noindex/MusicGlass.build/Debug-iphonesimulator/MusicGlass.build/Objects-normal/arm64/MusicGlass-dependencies-1.json -debug-module-path /Users/jeremy/Library/Developer/Xcode/DerivedData/MusicGlass-fbyizfdisjqjoegwoqvftnpgpvqo/Build/Intermediates.noindex/MusicGlass.build/Debug-iphonesimulator/MusicGlass.build/Objects-normal/arm64/MusicGlass.swiftmodule -Xllvm -aarch64-use-tbi -enable-objc-interop -sdk /Applications/Xcode.app/Contents/Developer/Platforms/iPhoneSimulator.platform/Developer/SDKs/iPhoneSimulator26.4.sdk -I /Users/jeremy/Library/Developer/Xcode/DerivedData/MusicGlass-fbyizfdisjqjoegwoqvftnpgpvqo/Build/Products/Debug-iphonesimulator -F /Users/jeremy/Library/Developer/Xcode/DerivedData/MusicGlass-fbyizfdisjqjoegwoqvftnpgpvqo/Build/Products/Debug-iphonesimulator -no-color-diagnostics -Xcc -fno-color-diagnostics -enable-testing -g -debug-info-format\=dwarf -dwarf-version\=4 -module-cache-path /Users/jeremy/Library/Developer/Xcode/DerivedData/MusicGlass-fbyizfdisjqjoegwoqvftnpgpvqo/Build/Intermediates.noindex/SwiftExplicitPrecompiledModules -swift-version 6 -O -D DEBUG -serialize-debugging-options -const-gather-protocols-file /Users/jeremy/Library/Developer/Xcode/DerivedData/MusicGlass-fbyizfdisjqjoegwoqvftnpgpvqo/Build/Intermediates.noindex/MusicGlass.build/Debug-iphonesimulator/MusicGlass.build/Objects-normal/arm64/MusicGlass_const_extract_protocols.json -enable-experimental-feature DebugDescriptionMacro -empty-abi-descriptor -validate-clang-modules-once -clang-build-session-file /Users/jeremy/Library/Developer/Xcode/DerivedData/ModuleCache.noindex/Session.modulevalidation -Xcc -working-directory -Xcc /Users/jeremy/Documents/Switft\ Youtube\ music -file-compilation-dir /Users/jeremy/Documents/Switft\ Youtube\ music -Xcc -D_LIBCPP_HARDENING_MODE\=_LIBCPP_HARDENING_MODE_DEBUG -Xcc -ivfsstatcache -Xcc /Users/jeremy/Library/Developer/Xcode/DerivedData/SDKStatCaches.noindex/iphonesimulator26.4-23E252-686eebb5dc1d8ecb277353a59184f4aa.sdkstatcache -Xcc -I/Users/jeremy/Library/Developer/Xcode/DerivedData/MusicGlass-fbyizfdisjqjoegwoqvftnpgpvqo/Build/Intermediates.noindex/MusicGlass.build/Debug-iphonesimulator/MusicGlass.build/swift-overrides.hmap -Xcc -iquote -Xcc /Users/jeremy/Library/Developer/Xcode/DerivedData/MusicGlass-fbyizfdisjqjoegwoqvftnpgpvqo/Build/Intermediates.noindex/MusicGlass.build/Debug-iphonesimulator/MusicGlass.build/MusicGlass-generated-files.hmap -Xcc -I/Users/jeremy/Library/Developer/Xcode/DerivedData/MusicGlass-fbyizfdisjqjoegwoqvftnpgpvqo/Build/Intermediates.noindex/MusicGlass.build/Debug-iphonesimulator/MusicGlass.build/MusicGlass-own-target-headers.hmap -Xcc -I/Users/jeremy/Library/Developer/Xcode/DerivedData/MusicGlass-fbyizfdisjqjoegwoqvftnpgpvqo/Build/Intermediates.noindex/MusicGlass.build/Debug-iphonesimulator/MusicGlass.build/MusicGlass-all-target-headers.hmap -Xcc -iquote -Xcc /Users/jeremy/Library/Developer/Xcode/DerivedData/MusicGlass-fbyizfdisjqjoegwoqvftnpgpvqo/Build/Intermediates.noindex/MusicGlass.build/Debug-iphonesimulator/MusicGlass.build/MusicGlass-project-headers.hmap -Xcc -I/Users/jeremy/Library/Developer/Xcode/DerivedData/MusicGlass-fbyizfdisjqjoegwoqvftnpgpvqo/Build/Products/Debug-iphonesimulator/include -Xcc -I/Users/jeremy/Library/Developer/Xcode/DerivedData/MusicGlass-fbyizfdisjqjoegwoqvftnpgpvqo/Build/Intermediates.noindex/MusicGlass.build/Debug-iphonesimulator/MusicGlass.build/DerivedSources-normal/arm64 -Xcc -I/Users/jeremy/Library/Developer/Xcode/DerivedData/MusicGlass-fbyizfdisjqjoegwoqvftnpgpvqo/Build/Intermediates.noindex/MusicGlass.build/Debug-iphonesimulator/MusicGlass.build/DerivedSources/arm64 -Xcc -I/Users/jeremy/Library/Developer/Xcode/DerivedData/MusicGlass-fbyizfdisjqjoegwoqvftnpgpvqo/Build/Intermediates.noindex/MusicGlass.build/Debug-iphonesimulator/MusicGlass.build/DerivedSources -Xcc -DDEBUG\=1 -no-auto-bridging-header-chaining -module-name MusicGlass -frontend-parseable-output -disable-clang-spi -clang-target arm64-apple-ios26.4-simulator -target-sdk-version 26.4 -target-sdk-name iphonesimulator26.4 -in-process-plugin-server-path /Applications/Xcode.app/Contents/Developer/Toolchains/XcodeDefault.xctoolchain/usr/lib/swift/host/libSwiftInProcPluginServer.dylib -o /Users/jeremy/Library/Developer/Xcode/DerivedData/MusicGlass-fbyizfdisjqjoegwoqvftnpgpvqo/Build/Intermediates.noindex/MusicGlass.build/Debug-iphonesimulator/MusicGlass.build/Objects-normal/arm64/DetailScreens.o -index-unit-output-path /MusicGlass.build/Debug-iphonesimulator/MusicGlass.build/Objects-normal/arm64/DetailScreens.o

SwiftCompile normal arm64 /Users/jeremy/Documents/Switft\ Youtube\ music/MusicGlass/UI/Screens/DetailScreens.swift (in target 'MusicGlass' from project 'MusicGlass')
    cd /Users/jeremy/Documents/Switft\ Youtube\ music
    
/Users/jeremy/Documents/Switft Youtube music/MusicGlass/UI/Screens/DetailScreens.swift:405:22: error: cannot infer type of closure parameter '$0' without a type annotation
            }.sorted { $0.name.localizedStandardCompare($1.name) == .orderedAscending }
                     ^

SwiftCompile normal arm64 Compiling\ SearchScreen.swift /Users/jeremy/Documents/Switft\ Youtube\ music/MusicGlass/Features/Search/SearchScreen.swift (in target 'MusicGlass' from project 'MusicGlass')

SwiftCompile normal arm64 /Users/jeremy/Documents/Switft\ Youtube\ music/MusicGlass/Features/Search/SearchScreen.swift (in target 'MusicGlass' from project 'MusicGlass')
    cd /Users/jeremy/Documents/Switft\ Youtube\ music
    

SwiftDriverJobDiscovery normal arm64 Compiling AppRouter.swift (in target 'MusicGlass' from project 'MusicGlass')

SwiftCompile normal arm64 Compiling\ RootView.swift /Users/jeremy/Documents/Switft\ Youtube\ music/MusicGlass/App/RootView.swift (in target 'MusicGlass' from project 'MusicGlass')

SwiftCompile normal arm64 /Users/jeremy/Documents/Switft\ Youtube\ music/MusicGlass/App/RootView.swift (in target 'MusicGlass' from project 'MusicGlass')
    cd /Users/jeremy/Documents/Switft\ Youtube\ music
    

SwiftCompile normal arm64 Compiling\ MusicGlassApp.swift /Users/jeremy/Documents/Switft\ Youtube\ music/MusicGlass/MusicGlassApp.swift (in target 'MusicGlass' from project 'MusicGlass')

SwiftCompile normal arm64 /Users/jeremy/Documents/Switft\ Youtube\ music/MusicGlass/MusicGlassApp.swift (in target 'MusicGlass' from project 'MusicGlass')
    cd /Users/jeremy/Documents/Switft\ Youtube\ music
    

SwiftDriverJobDiscovery normal arm64 Compiling MusicGlassApp.swift (in target 'MusicGlass' from project 'MusicGlass')

SwiftDriverJobDiscovery normal arm64 Compiling RootView.swift (in target 'MusicGlass' from project 'MusicGlass')

** BUILD FAILED **


The following build commands failed:
	SwiftCompile normal arm64 Compiling\ DetailScreens.swift /Users/jeremy/Documents/Switft\ Youtube\ music/MusicGlass/UI/Screens/DetailScreens.swift (in target 'MusicGlass' from project 'MusicGlass')
	SwiftCompile normal arm64 /Users/jeremy/Documents/Switft\ Youtube\ music/MusicGlass/UI/Screens/DetailScreens.swift (in target 'MusicGlass' from project 'MusicGlass')
	Building project MusicGlass with scheme MusicGlass and configuration Debug
(3 failures)
